// Vitest Snapshot v1, https://vitest.dev/guide/snapshot.html

exports[`<MyCounter /> > should match snapchot 1`] = `
"<section>
  <h3>Square: 100</h3>
  <h3>Counter: 10</h3>
  <div><button>+1</button><button>-1</button></div>
</section>"
`;
